<?php return array (
  0 => 'Symfony\\Bundle\\FrameworkBundle\\Controller\\AbstractController',
  1 => 'App\\Controller\\AdminController',
  2 => 'App\\Controller\\CoachController',
  3 => 'App\\Controller\\PlayerController',
  4 => 'App\\Controller\\RequestController',
  5 => 'App\\Controller\\ScheduleController',
  6 => 'App\\Controller\\SecurityController',
  7 => 'App\\Entity\\Admin',
  8 => 'App\\Entity\\City',
  9 => 'App\\Entity\\Coach',
  10 => 'App\\Entity\\CoachPosition',
  11 => 'App\\Entity\\Country',
  12 => 'App\\Entity\\Division',
  13 => 'App\\Entity\\InjuredUsers',
  14 => 'App\\Entity\\Player',
  15 => 'App\\Entity\\PlayerProperties\\Cup',
  16 => 'App\\Entity\\PlayerProperties\\PlayerStats',
  17 => 'App\\Entity\\PlayerProperties\\Position',
  18 => 'App\\Entity\\PlayerProperties\\WaterGlasses',
  19 => 'App\\Entity\\Requests\\CoachToPlayerRequest',
  20 => 'App\\Entity\\Requests\\PlayerToTeamRequest',
  21 => 'App\\Entity\\Role',
  22 => 'App\\Entity\\Schedule',
  23 => 'App\\Entity\\Team',
  24 => 'App\\Entity\\User',
  25 => 'App\\Entity\\YouthDivision',
  26 => 'App\\Entity\\YouthTeam',
  27 => 'Doctrine\\Bundle\\DoctrineBundle\\Controller\\ProfilerController',
  28 => 'Doctrine\\ORM\\Cache\\Persister\\Entity\\AbstractEntityPersister',
  29 => 'Doctrine\\ORM\\Cache\\Persister\\Entity\\CachedEntityPersister',
  30 => 'Doctrine\\ORM\\Cache\\Persister\\Entity\\NonStrictReadWriteCachedEntityPersister',
  31 => 'Doctrine\\ORM\\Cache\\Persister\\Entity\\ReadOnlyCachedEntityPersister',
  32 => 'Doctrine\\ORM\\Cache\\Persister\\Entity\\ReadWriteCachedEntityPersister',
  33 => 'Doctrine\\ORM\\Persisters\\Entity\\AbstractEntityInheritancePersister',
  34 => 'Doctrine\\ORM\\Persisters\\Entity\\BasicEntityPersister',
  35 => 'Doctrine\\ORM\\Persisters\\Entity\\CachedPersisterContext',
  36 => 'Doctrine\\ORM\\Persisters\\Entity\\EntityPersister',
  37 => 'Doctrine\\ORM\\Persisters\\Entity\\JoinedSubclassPersister',
  38 => 'Doctrine\\ORM\\Persisters\\Entity\\SingleTablePersister',
  40 => 'Symfony\\Bundle\\FrameworkBundle\\Controller\\Controller',
  41 => 'Symfony\\Bundle\\FrameworkBundle\\Controller\\ControllerNameParser',
  42 => 'Symfony\\Bundle\\FrameworkBundle\\Controller\\ControllerResolver',
  43 => 'Symfony\\Bundle\\FrameworkBundle\\Controller\\ControllerTrait',
  44 => 'Symfony\\Bundle\\FrameworkBundle\\Controller\\RedirectController',
  45 => 'Symfony\\Bundle\\FrameworkBundle\\Controller\\TemplateController',
  46 => 'Symfony\\Bundle\\TwigBundle\\Controller\\ExceptionController',
  47 => 'Symfony\\Bundle\\TwigBundle\\Controller\\PreviewErrorController',
  48 => 'Symfony\\Component\\HttpKernel\\Controller\\ArgumentResolver',
  49 => 'Symfony\\Component\\HttpKernel\\Controller\\ArgumentResolverInterface',
  50 => 'Symfony\\Component\\HttpKernel\\Controller\\ArgumentResolver\\DefaultValueResolver',
  51 => 'Symfony\\Component\\HttpKernel\\Controller\\ArgumentResolver\\NotTaggedControllerValueResolver',
  52 => 'Symfony\\Component\\HttpKernel\\Controller\\ArgumentResolver\\RequestAttributeValueResolver',
  53 => 'Symfony\\Component\\HttpKernel\\Controller\\ArgumentResolver\\RequestValueResolver',
  54 => 'Symfony\\Component\\HttpKernel\\Controller\\ArgumentResolver\\ServiceValueResolver',
  55 => 'Symfony\\Component\\HttpKernel\\Controller\\ArgumentResolver\\SessionValueResolver',
  56 => 'Symfony\\Component\\HttpKernel\\Controller\\ArgumentResolver\\TraceableValueResolver',
  57 => 'Symfony\\Component\\HttpKernel\\Controller\\ArgumentResolver\\VariadicValueResolver',
  58 => 'Symfony\\Component\\HttpKernel\\Controller\\ArgumentValueResolverInterface',
  59 => 'Symfony\\Component\\HttpKernel\\Controller\\ContainerControllerResolver',
  60 => 'Symfony\\Component\\HttpKernel\\Controller\\ControllerReference',
  61 => 'Symfony\\Component\\HttpKernel\\Controller\\ControllerResolver',
  62 => 'Symfony\\Component\\HttpKernel\\Controller\\ControllerResolverInterface',
  63 => 'Symfony\\Component\\HttpKernel\\Controller\\ErrorController',
  64 => 'Symfony\\Component\\HttpKernel\\Controller\\TraceableArgumentResolver',
  65 => 'Symfony\\Component\\HttpKernel\\Controller\\TraceableControllerResolver',
  66 => 'Symfony\\Component\\Security\\Http\\Controller\\UserValueResolver',
);